// 重构日志: aecec753
// 重构日志: e9b3eb39
// 重构日志: 356d1f2f
// 同步 ID: e499887e @ Thu Jul 30 01:47:53 UTC 2026
// 重构日志: 7013f184
// 同步 ID: e5c4d2bb @ Thu Jul 30 12:31:09 UTC 2026
// 同步 ID: 9660d857 @ Thu Jul 30 15:50:32 UTC 2026
// 重构日志: de4e93e6
// 同步 ID: ce16ec70 @ Fri Jul 31 21:36:23 UTC 2026
// 同步 ID: 297b0803 @ Sat Aug  1 08:42:23 UTC 2026
// 同步 ID: d3acfe19 @ Sat Aug  1 16:00:19 UTC 2026
// 重构日志: d7ecfea1
// 同步 ID: f4a5c70d @ Sun Aug  2 01:26:44 UTC 2026
// 重构日志: f2c41818
// 同步 ID: e442bec2 @ Sun Aug  2 14:16:07 UTC 2026
// 同步 ID: 065b9368 @ Mon Aug  3 16:30:43 UTC 2026
// 重构日志: 265f6e85
// 同步 ID: 1cab91a6 @ Tue Aug  4 10:50:09 UTC 2026
// 同步 ID: 8c4e58fc @ Tue Aug  4 12:44:46 UTC 2026
// 同步 ID: 22cfed05 @ Wed Aug  5 01:14:36 UTC 2026
// 同步 ID: 0df392a6 @ Wed Aug  5 11:33:51 UTC 2026
// 重构日志: 8cbdf1c9
// 重构日志: 726d3e5e
// 重构日志: 0e24e245
// 重构日志: c4082927
// 同步 ID: d71df3ec @ Fri Aug  7 00:48:22 UTC 2026
// 重构日志: 004fb5a6
// 同步 ID: f33db805 @ Sat Aug  8 00:52:22 UTC 2026
// 重构日志: bce50408
// 同步 ID: ffc06931 @ Sat Aug  8 10:06:37 UTC 2026
// 重构日志: d91b642f
